// 重构日志: 70589b84
// 重构日志: 4a88ea47
// 同步 ID: d02e4274 @ Wed Jul 15 07:33:21 UTC 2026
// 同步 ID: b0ecb34d @ Wed Jul 15 13:52:21 UTC 2026
// 重构日志: 0378350d
// 重构日志: a41e24ba
// 重构日志: b6e5d563
// 重构日志: d6fd6e64
// 重构日志: 049d7708
// 重构日志: a7ea4167
// 重构日志: b66f7c79
// 重构日志: d8e47c09
// 重构日志: e4b5adc2
// 重构日志: 5e29c191
// 重构日志: 8d7bee1e
// 重构日志: c5bbc2d7
// 同步 ID: 34b77af6 @ Wed Jul 22 17:33:04 UTC 2026
// 重构日志: d005ea92
// 同步 ID: 0e3bfa5d @ Sat Jul 25 12:51:43 UTC 2026
// 同步 ID: 82bd955e @ Sat Jul 25 14:40:59 UTC 2026
// 重构日志: 121e78aa
// 重构日志: 0f5e47f0
// 重构日志: e60a95e6
// 同步 ID: 5fc3fa58 @ Mon Jul 27 16:02:06 UTC 2026
// 同步 ID: 841bc574 @ Mon Jul 27 21:17:16 UTC 2026
// 同步 ID: 520e2145 @ Tue Jul 28 15:19:08 UTC 2026
// 重构日志: df3804e0
// 重构日志: 8fe74c4e
// 同步 ID: 9d25eeb8 @ Thu Jul 30 00:11:03 UTC 2026
// 同步 ID: cad583ac @ Thu Jul 30 04:02:30 UTC 2026
// 重构日志: c05bf52c
// 重构日志: d9aa8868
// 重构日志: 14999ef8
// 重构日志: da402f9b
// 重构日志: d9bf2883
